// Jest Snapshot v1, https://goo.gl/fbAQLP

exports[`Order Component Testing the Order component should render without crashing 1`] = `ShallowWrapper {}`;
